// Jest Snapshot v1, https://goo.gl/fbAQLP

exports[`tests for Pagination should match snapshot 1`] = `
<div
  class="py-3 mt-10 flex justify-between"
>
  <a
    class="border-solid p-1 px-5 rounded-2xl border-2 border-opacity-50 border-indigo-600"
    href="/facts/4"
  >
    &lt;
  </a>
  <a
    class="border-solid p-1 px-5 rounded-2xl border-2 border-opacity-50 border-indigo-600"
    href="/facts/6"
  >
    &gt;
  </a>
</div>
`;
